[0.000000] (-) TimerEvent: {}
[0.000297] (-) JobUnselected: {'identifier': 'my_cpp_pkg'}
[0.000331] (-) JobUnselected: {'identifier': 'my_python_pkg'}
[0.000865] (my_interfaces) JobQueued: {'identifier': 'my_interfaces', 'dependencies': OrderedDict()}
[0.000890] (my_interfaces) JobStarted: {'identifier': 'my_interfaces'}
[0.013839] (my_interfaces) JobProgress: {'identifier': 'my_interfaces', 'progress': 'cmake'}
[0.014104] (my_interfaces) Command: {'cmd': ['/usr/bin/cmake', '/home/hayden/ROS2_demo/firstROS2_ws/src/my_interfaces', '-DCMAKE_INSTALL_PREFIX=/home/hayden/ROS2_demo/firstROS2_ws/install/my_interfaces'], 'cwd': '/home/hayden/ROS2_demo/firstROS2_ws/build/my_interfaces', 'env': OrderedDict([('LESSOPEN', '| /usr/bin/lesspipe %s'), ('USER', 'hayden'), ('XDG_SESSION_TYPE', 'wayland'), ('SHLVL', '1'), ('LD_LIBRARY_PATH', '/opt/ros/humble/opt/rviz_ogre_vendor/lib:/opt/ros/humble/lib/x86_64-linux-gnu:/opt/ros/humble/lib'), ('HOME', '/home/hayden'), ('OLDPWD', '/home/hayden/ROS2_demo/firstROS2_ws/src'), ('DESKTOP_SESSION', 'ubuntu'), ('ROS_PYTHON_VERSION', '3'), ('GNOME_SHELL_SESSION_MODE', 'ubuntu'), ('GTK_MODULES', 'gail:atk-bridge'), ('SYSTEMD_EXEC_PID', '4939'), ('DBUS_SESSION_BUS_ADDRESS', 'unix:path=/run/user/1000/bus'), ('COLORTERM', 'truecolor'), ('IM_CONFIG_PHASE', '1'), ('WAYLAND_DISPLAY', 'wayland-0'), ('COLCON_PREFIX_PATH', '/home/hayden/ROS2_demo/firstROS2_ws/install'), ('ROS_DISTRO', 'humble'), ('LOGNAME', 'hayden'), ('_', '/usr/bin/colcon'), ('ROS_VERSION', '2'), ('XDG_SESSION_CLASS', 'user'), ('USERNAME', 'hayden'), ('TERM', 'xterm-256color'), ('GNOME_DESKTOP_SESSION_ID', 'this-is-deprecated'), ('ROS_LOCALHOST_ONLY', '0'), ('PATH', '/opt/ros/humble/bin:/usr/local/sbin:/usr/local/bin:/usr/sbin:/usr/bin:/sbin:/bin:/usr/games:/usr/local/games:/snap/bin:/snap/bin'), ('SESSION_MANAGER', 'local/hayden-VirtualBox:@/tmp/.ICE-unix/2580,unix/hayden-VirtualBox:/tmp/.ICE-unix/2580'), ('XDG_MENU_PREFIX', 'gnome-'), ('GNOME_TERMINAL_SCREEN', '/org/gnome/Terminal/screen/382210a8_06cc_4626_9300_7041bc162986'), ('GNOME_SETUP_DISPLAY', ':1'), ('XDG_RUNTIME_DIR', '/run/user/1000'), ('DISPLAY', ':0'), ('LANG', 'en_US.UTF-8'), ('XDG_CURRENT_DESKTOP', 'ubuntu:GNOME'), ('XMODIFIERS', '@im=ibus'), ('XDG_SESSION_DESKTOP', 'ubuntu'), ('XAUTHORITY', '/run/user/1000/.mutter-Xwaylandauth.Z8BSO2'), ('LS_COLORS', 'rs=0:di=01;34:ln=01;36:mh=00:pi=40;33:so=01;35:do=01;35:bd=40;33;01:cd=40;33;01:or=40;31;01:mi=00:su=37;41:sg=30;43:ca=30;41:tw=30;42:ow=34;42:st=37;44:ex=01;32:*.tar=01;31:*.tgz=01;31:*.arc=01;31:*.arj=01;31:*.taz=01;31:*.lha=01;31:*.lz4=01;31:*.lzh=01;31:*.lzma=01;31:*.tlz=01;31:*.txz=01;31:*.tzo=01;31:*.t7z=01;31:*.zip=01;31:*.z=01;31:*.dz=01;31:*.gz=01;31:*.lrz=01;31:*.lz=01;31:*.lzo=01;31:*.xz=01;31:*.zst=01;31:*.tzst=01;31:*.bz2=01;31:*.bz=01;31:*.tbz=01;31:*.tbz2=01;31:*.tz=01;31:*.deb=01;31:*.rpm=01;31:*.jar=01;31:*.war=01;31:*.ear=01;31:*.sar=01;31:*.rar=01;31:*.alz=01;31:*.ace=01;31:*.zoo=01;31:*.cpio=01;31:*.7z=01;31:*.rz=01;31:*.cab=01;31:*.wim=01;31:*.swm=01;31:*.dwm=01;31:*.esd=01;31:*.jpg=01;35:*.jpeg=01;35:*.mjpg=01;35:*.mjpeg=01;35:*.gif=01;35:*.bmp=01;35:*.pbm=01;35:*.pgm=01;35:*.ppm=01;35:*.tga=01;35:*.xbm=01;35:*.xpm=01;35:*.tif=01;35:*.tiff=01;35:*.png=01;35:*.svg=01;35:*.svgz=01;35:*.mng=01;35:*.pcx=01;35:*.mov=01;35:*.mpg=01;35:*.mpeg=01;35:*.m2v=01;35:*.mkv=01;35:*.webm=01;35:*.webp=01;35:*.ogm=01;35:*.mp4=01;35:*.m4v=01;35:*.mp4v=01;35:*.vob=01;35:*.qt=01;35:*.nuv=01;35:*.wmv=01;35:*.asf=01;35:*.rm=01;35:*.rmvb=01;35:*.flc=01;35:*.avi=01;35:*.fli=01;35:*.flv=01;35:*.gl=01;35:*.dl=01;35:*.xcf=01;35:*.xwd=01;35:*.yuv=01;35:*.cgm=01;35:*.emf=01;35:*.ogv=01;35:*.ogx=01;35:*.aac=00;36:*.au=00;36:*.flac=00;36:*.m4a=00;36:*.mid=00;36:*.midi=00;36:*.mka=00;36:*.mp3=00;36:*.mpc=00;36:*.ogg=00;36:*.ra=00;36:*.wav=00;36:*.oga=00;36:*.opus=00;36:*.spx=00;36:*.xspf=00;36:'), ('GNOME_TERMINAL_SERVICE', ':1.110'), ('SSH_AGENT_LAUNCHER', 'gnome-keyring'), ('SSH_AUTH_SOCK', '/run/user/1000/keyring/ssh'), ('AMENT_PREFIX_PATH', '/home/hayden/ROS2_demo/firstROS2_ws/install/my_python_pkg:/home/hayden/ROS2_demo/firstROS2_ws/install/my_cpp_pkg:/opt/ros/humble'), ('SHELL', '/bin/bash'), ('QT_ACCESSIBILITY', '1'), ('GDMSESSION', 'ubuntu'), ('LESSCLOSE', '/usr/bin/lesspipe %s %s'), ('QT_IM_MODULE', 'ibus'), ('PWD', '/home/hayden/ROS2_demo/firstROS2_ws/build/my_interfaces'), ('LC_ALL', 'en_US.UTF-8'), ('XDG_CONFIG_DIRS', '/etc/xdg/xdg-ubuntu:/etc/xdg'), ('XDG_DATA_DIRS', '/usr/share/ubuntu:/usr/local/share/:/usr/share/:/var/lib/snapd/desktop'), ('PYTHONPATH', '/home/hayden/ROS2_demo/firstROS2_ws/install/my_python_pkg/lib/python3.10/site-packages:/opt/ros/humble/lib/python3.10/site-packages:/opt/ros/humble/local/lib/python3.10/dist-packages'), ('COLCON', '1'), ('VTE_VERSION', '6800'), ('CMAKE_PREFIX_PATH', '/home/hayden/ROS2_demo/firstROS2_ws/install/my_cpp_pkg')]), 'shell': False}
[0.099566] (-) TimerEvent: {}
[0.200019] (-) TimerEvent: {}
[0.300541] (-) TimerEvent: {}
[0.400919] (-) TimerEvent: {}
[0.501693] (-) TimerEvent: {}
[0.602233] (-) TimerEvent: {}
[0.704881] (-) TimerEvent: {}
[0.808892] (-) TimerEvent: {}
[0.918035] (-) TimerEvent: {}
[0.941219] (my_interfaces) StdoutLine: {'line': b'-- The C compiler identification is GNU 11.4.0\n'}
[1.018461] (-) TimerEvent: {}
[1.119029] (-) TimerEvent: {}
[1.154409] (my_interfaces) StdoutLine: {'line': b'-- The CXX compiler identification is GNU 11.4.0\n'}
[1.178306] (my_interfaces) StdoutLine: {'line': b'-- Detecting C compiler ABI info\n'}
[1.219452] (-) TimerEvent: {}
[1.320662] (-) TimerEvent: {}
[1.401965] (my_interfaces) StdoutLine: {'line': b'-- Detecting C compiler ABI info - done\n'}
[1.421286] (-) TimerEvent: {}
[1.428725] (my_interfaces) StdoutLine: {'line': b'-- Check for working C compiler: /usr/bin/cc - skipped\n'}
[1.432280] (my_interfaces) StdoutLine: {'line': b'-- Detecting C compile features\n'}
[1.447491] (my_interfaces) StdoutLine: {'line': b'-- Detecting C compile features - done\n'}
[1.454539] (my_interfaces) StdoutLine: {'line': b'-- Detecting CXX compiler ABI info\n'}
[1.528603] (-) TimerEvent: {}
[1.620669] (my_interfaces) StdoutLine: {'line': b'-- Detecting CXX compiler ABI info - done\n'}
[1.628159] (my_interfaces) StdoutLine: {'line': b'-- Check for working CXX compiler: /usr/bin/c++ - skipped\n'}
[1.628617] (-) TimerEvent: {}
[1.629069] (my_interfaces) StdoutLine: {'line': b'-- Detecting CXX compile features\n'}
[1.629325] (my_interfaces) StdoutLine: {'line': b'-- Detecting CXX compile features - done\n'}
[1.671324] (my_interfaces) StdoutLine: {'line': b'-- Found ament_cmake: 1.3.8 (/opt/ros/humble/share/ament_cmake/cmake)\n'}
[1.729003] (-) TimerEvent: {}
[1.829606] (-) TimerEvent: {}
[1.863961] (my_interfaces) StdoutLine: {'line': b'-- Found Python3: /usr/bin/python3 (found version "3.10.12") found components: Interpreter \n'}
[1.930382] (-) TimerEvent: {}
[2.023559] (my_interfaces) StdoutLine: {'line': b'-- Found rosidl_default_generators: 1.2.0 (/opt/ros/humble/share/rosidl_default_generators/cmake)\n'}
[2.030954] (my_interfaces) StdoutLine: {'line': b'-- Using all available rosidl_typesupport_c: rosidl_typesupport_fastrtps_c;rosidl_typesupport_introspection_c\n'}
[2.031127] (-) TimerEvent: {}
[2.055813] (my_interfaces) StdoutLine: {'line': b'-- Found rosidl_adapter: 3.1.5 (/opt/ros/humble/share/rosidl_adapter/cmake)\n'}
[2.131410] (-) TimerEvent: {}
[2.137808] (my_interfaces) StdoutLine: {'line': b'-- Using all available rosidl_typesupport_cpp: rosidl_typesupport_fastrtps_cpp;rosidl_typesupport_introspection_cpp\n'}
[2.231836] (-) TimerEvent: {}
[2.340750] (-) TimerEvent: {}
[2.441458] (-) TimerEvent: {}
[2.461844] (my_interfaces) StderrLine: {'line': b"Error parsing '/home/hayden/ROS2_demo/firstROS2_ws/src/my_interfaces/package.xml':\n"}
[2.521242] (my_interfaces) StderrLine: {'line': b'Traceback (most recent call last):\n'}
[2.521563] (my_interfaces) StderrLine: {'line': b'  File "/usr/lib/python3/dist-packages/catkin_pkg/package.py", line 610, in parse_package_string\n'}
[2.539448] (my_interfaces) StderrLine: {'line': b'    root = dom.parseString(data)\n'}
[2.539708] (my_interfaces) StderrLine: {'line': b'  File "/usr/lib/python3.10/xml/dom/minidom.py", line 2000, in parseString\n'}
[2.542515] (-) TimerEvent: {}
[2.557804] (my_interfaces) StderrLine: {'line': b'    return expatbuilder.parseString(string)\n'}
[2.558074] (my_interfaces) StderrLine: {'line': b'  File "/usr/lib/python3.10/xml/dom/expatbuilder.py", line 925, in parseString\n'}
[2.572119] (my_interfaces) StderrLine: {'line': b'    return builder.parseString(string)\n'}
[2.572938] (my_interfaces) StderrLine: {'line': b'  File "/usr/lib/python3.10/xml/dom/expatbuilder.py", line 223, in parseString\n'}
[2.573199] (my_interfaces) StderrLine: {'line': b'    parser.Parse(string, True)\n'}
[2.573344] (my_interfaces) StderrLine: {'line': b'xml.parsers.expat.ExpatError: mismatched tag: line 14, column 46\n'}
[2.573538] (my_interfaces) StderrLine: {'line': b'\n'}
[2.573646] (my_interfaces) StderrLine: {'line': b'During handling of the above exception, another exception occurred:\n'}
[2.573916] (my_interfaces) StderrLine: {'line': b'\n'}
[2.573981] (my_interfaces) StderrLine: {'line': b'Traceback (most recent call last):\n'}
[2.574054] (my_interfaces) StderrLine: {'line': b'  File "/opt/ros/humble/share/ament_cmake_core/cmake/core/package_xml_2_cmake.py", line 150, in <module>\n'}
[2.574206] (my_interfaces) StderrLine: {'line': b'    main()\n'}
[2.574400] (my_interfaces) StderrLine: {'line': b'  File "/opt/ros/humble/share/ament_cmake_core/cmake/core/package_xml_2_cmake.py", line 53, in main\n'}
[2.574501] (my_interfaces) StderrLine: {'line': b'    raise e\n'}
[2.574634] (my_interfaces) StderrLine: {'line': b'  File "/opt/ros/humble/share/ament_cmake_core/cmake/core/package_xml_2_cmake.py", line 49, in main\n'}
[2.574722] (my_interfaces) StderrLine: {'line': b'    package = parse_package_string(\n'}
[2.574782] (my_interfaces) StderrLine: {'line': b'  File "/usr/lib/python3/dist-packages/catkin_pkg/package.py", line 612, in parse_package_string\n'}
[2.574839] (my_interfaces) StderrLine: {'line': b"    raise InvalidPackage('The manifest contains invalid XML:\\n%s' % ex, filename)\n"}
[2.574899] (my_interfaces) StderrLine: {'line': b"catkin_pkg.package.InvalidPackage: Error(s) in package '/home/hayden/ROS2_demo/firstROS2_ws/src/my_interfaces/package.xml':\n"}
[2.574981] (my_interfaces) StderrLine: {'line': b'The manifest contains invalid XML:\n'}
[2.575039] (my_interfaces) StderrLine: {'line': b'mismatched tag: line 14, column 46\n'}
[2.610156] (my_interfaces) StderrLine: {'line': b'\x1b[31mCMake Error at /opt/ros/humble/share/ament_cmake_core/cmake/core/ament_package_xml.cmake:95 (message):\n'}
[2.610441] (my_interfaces) StderrLine: {'line': b'  execute_process(/usr/bin/python3\n'}
[2.610541] (my_interfaces) StderrLine: {'line': b'  /opt/ros/humble/share/ament_cmake_core/cmake/core/package_xml_2_cmake.py\n'}
[2.610605] (my_interfaces) StderrLine: {'line': b'  /home/hayden/ROS2_demo/firstROS2_ws/src/my_interfaces/package.xml\n'}
[2.610663] (my_interfaces) StderrLine: {'line': b'  /home/hayden/ROS2_demo/firstROS2_ws/build/my_interfaces/ament_cmake_core/package.cmake)\n'}
[2.610719] (my_interfaces) StderrLine: {'line': b'  returned error code 1\n'}
[2.610773] (my_interfaces) StderrLine: {'line': b'Call Stack (most recent call first):\n'}
[2.610827] (my_interfaces) StderrLine: {'line': b'  /opt/ros/humble/share/ament_cmake_core/cmake/core/ament_package_xml.cmake:49 (_ament_package_xml)\n'}
[2.610880] (my_interfaces) StderrLine: {'line': b'  /opt/ros/humble/share/rosidl_cmake/cmake/rosidl_generate_interfaces.cmake:226 (ament_package_xml)\n'}
[2.610933] (my_interfaces) StderrLine: {'line': b'  CMakeLists.txt:12 (rosidl_generate_interfaces)\n'}
[2.610985] (my_interfaces) StderrLine: {'line': b'\n'}
[2.611038] (my_interfaces) StderrLine: {'line': b'\x1b[0m\n'}
[2.611089] (my_interfaces) StdoutLine: {'line': b'-- Configuring incomplete, errors occurred!\n'}
[2.611635] (my_interfaces) StdoutLine: {'line': b'See also "/home/hayden/ROS2_demo/firstROS2_ws/build/my_interfaces/CMakeFiles/CMakeOutput.log".\n'}
[2.621196] (my_interfaces) CommandEnded: {'returncode': 1}
[2.621784] (my_interfaces) JobEnded: {'identifier': 'my_interfaces', 'rc': 1}
[2.633654] (-) EventReactorShutdown: {}
